// Jest Snapshot v1, https://goo.gl/fbAQLP

exports[`Multiple Shabads Display should render successfully 1`] = `
<div>
  <div
    class="multiple-shabads-display"
    data-testid="multi-view"
    role="dialog"
    tabindex="-1"
  >
    <div
      class="multiple-shabads-display--wrapper enable"
    >
      <button
        class="close toast-notification-close-button"
        title="Close"
      >
        Ã—
      </button>
      <div
        class="multiple-shabads-display--header"
      >
        <h3>
          Multi View
        </h3>
        <p>
          Lorem Ipsum is simply dummy text of the printing and typesetting industry. 
        </p>
      </div>
      <div
        class="notification"
      >
        Please search for shabads and press + button next to the results to add an entry
      </div>
      <ul />
      <div
        class="multiple-shabads-display--footer"
      >
        <button
          class="btn btn-secondary"
        >
          Clear
        </button>
        <button
          class="btn btn-primary"
          disabled=""
        >
          Display
        </button>
      </div>
    </div>
  </div>
</div>
`;
